../Core/Src/User/driver_lis3mdl.c:247:13:Driver_Lis3mdl_WriteData	16	static
../Core/Src/User/driver_lis3mdl.c:260:13:Driver_Lis3mdl_WriteReg	16	static
../Core/Src/User/driver_lis3mdl.c:275:13:Driver_Lis3mdl_Read	24	static
../Core/Src/User/driver_lis3mdl.c:289:13:Driver_Lis3mdl_Read_IT	24	static
../Core/Src/User/driver_lis3mdl.c:304:6:HAL_SPI_RxCpltCallback	16	static
../Core/Src/User/driver_lis3mdl.c:309:13:Driver_Lis3mdl_InitCtrlReg	16	static
../Core/Src/User/driver_lis3mdl.c:342:14:Driver_Lis3mdl_ToGausScale	16	static
../Core/Src/User/driver_lis3mdl.c:362:16:Utility_TwosCompToDec	24	static
../Core/Src/User/driver_lis3mdl.c:383:13:Utility_DecToTwosComp	24	static
../Core/Src/User/driver_lis3mdl.c:400:6:Driver_Lis3mdl_Init	16	static
../Core/Src/User/driver_lis3mdl.c:412:6:Driver_Lis3mdl_Deinit	16	static
../Core/Src/User/driver_lis3mdl.c:440:6:Driver_Lis3mdl_ReadSensorData	16	static
../Core/Src/User/driver_lis3mdl.c:472:6:Driver_Lis3mdl_UpdateSensorData_IT	16	static
../Core/Src/User/driver_lis3mdl.c:544:29:Driver_Lis3mdl_GetSensorData	24	static
../Core/Src/User/driver_lis3mdl.c:548:6:Driver_Lis3mdl_ExampleApp	24	static
