../Core/Src/User/driver_lis3mdl.c:247:13:Driver_Lis3mdl_WriteData	16	static
../Core/Src/User/driver_lis3mdl.c:257:13:Driver_Lis3mdl_WriteReg	16	static
../Core/Src/User/driver_lis3mdl.c:267:13:Driver_Lis3mdl_Read	32	static
../Core/Src/User/driver_lis3mdl.c:278:13:Driver_Lis3mdl_Read_IT	32	static
../Core/Src/User/driver_lis3mdl.c:291:6:HAL_SPI_TxCpltCallback	16	static
../Core/Src/User/driver_lis3mdl.c:294:6:HAL_SPI_RxCpltCallback	16	static
../Core/Src/User/driver_lis3mdl.c:299:13:Driver_Lis3mdl_InitCtrlReg	16	static
../Core/Src/User/driver_lis3mdl.c:329:14:Driver_Lis3mdl_ToGausScale	16	static
../Core/Src/User/driver_lis3mdl.c:343:16:Utility_TwosCompToDec	24	static
../Core/Src/User/driver_lis3mdl.c:364:13:Utility_DecToTwosComp	24	static
../Core/Src/User/driver_lis3mdl.c:385:6:Driver_Lis3mdl_Init	16	static
../Core/Src/User/driver_lis3mdl.c:392:6:Driver_Lis3mdl_ReadSensorData	16	static
../Core/Src/User/driver_lis3mdl.c:422:6:Driver_Lis3mdl_UpdateSensorData_IT	16	static
../Core/Src/User/driver_lis3mdl.c:490:22:Driver_Lis3mdl_GetSensorData	24	static
../Core/Src/User/driver_lis3mdl.c:501:6:Driver_Lis3mdl_ExampleApp	24	static
