../Core/Src/User/driver_lis3mdl.c:248:13:Driver_Lis3mdl_WriteData	16	static
../Core/Src/User/driver_lis3mdl.c:261:13:Driver_Lis3mdl_WriteReg	16	static
../Core/Src/User/driver_lis3mdl.c:275:13:Driver_Lis3mdl_Read	24	static
../Core/Src/User/driver_lis3mdl.c:290:13:Driver_Lis3mdl_Read_IT	24	static
../Core/Src/User/driver_lis3mdl.c:305:6:HAL_SPI_RxCpltCallback	16	static
../Core/Src/User/driver_lis3mdl.c:310:13:Driver_Lis3mdl_InitCtrlReg	16	static
../Core/Src/User/driver_lis3mdl.c:343:14:Driver_Lis3mdl_ToGausScale	16	static
../Core/Src/User/driver_lis3mdl.c:363:16:Utility_TwosCompToDec	24	static
../Core/Src/User/driver_lis3mdl.c:384:13:Utility_DecToTwosComp	24	static
../Core/Src/User/driver_lis3mdl.c:401:6:Driver_Lis3mdl_Init	16	static
../Core/Src/User/driver_lis3mdl.c:413:6:Driver_Lis3mdl_Deinit	16	static
../Core/Src/User/driver_lis3mdl.c:441:6:Driver_Lis3mdl_ReadSensorData	16	static
../Core/Src/User/driver_lis3mdl.c:473:6:Driver_Lis3mdl_UpdateSensorData_IT	16	static
../Core/Src/User/driver_lis3mdl.c:545:29:Driver_Lis3mdl_GetSensorData	24	static
../Core/Src/User/driver_lis3mdl.c:549:6:Driver_Lis3mdl_ExampleApp	24	static
