Archive member included to satisfy reference by file (symbol)

d:/stm/stm32cubeide/plugins/com.st.stm32cube.ide.mcu.externaltools.gnu-tools-for-stm32.10.3-2021.10.win32_1.0.100.202210260954/tools/bin/../lib/gcc/arm-none-eabi/10.3.1/../../../../arm-none-eabi/lib/thumb/v6-m/nofp\libc_nano.a(lib_a-errno.o)
                              ./Core/Src/syscalls.o (__errno)
d:/stm/stm32cubeide/plugins/com.st.stm32cube.ide.mcu.externaltools.gnu-tools-for-stm32.10.3-2021.10.win32_1.0.100.202210260954/tools/bin/../lib/gcc/arm-none-eabi/10.3.1/../../../../arm-none-eabi/lib/thumb/v6-m/nofp\libc_nano.a(lib_a-exit.o)
                              d:/stm/stm32cubeide/plugins/com.st.stm32cube.ide.mcu.externaltools.gnu-tools-for-stm32.10.3-2021.10.win32_1.0.100.202210260954/tools/bin/../lib/gcc/arm-none-eabi/10.3.1/../../../../arm-none-eabi/lib/thumb/v6-m/nofp/crt0.o (exit)
d:/stm/stm32cubeide/plugins/com.st.stm32cube.ide.mcu.externaltools.gnu-tools-for-stm32.10.3-2021.10.win32_1.0.100.202210260954/tools/bin/../lib/gcc/arm-none-eabi/10.3.1/../../../../arm-none-eabi/lib/thumb/v6-m/nofp\libc_nano.a(lib_a-impure.o)
                              d:/stm/stm32cubeide/plugins/com.st.stm32cube.ide.mcu.externaltools.gnu-tools-for-stm32.10.3-2021.10.win32_1.0.100.202210260954/tools/bin/../lib/gcc/arm-none-eabi/10.3.1/../../../../arm-none-eabi/lib/thumb/v6-m/nofp\libc_nano.a(lib_a-exit.o) (_global_impure_ptr)
d:/stm/stm32cubeide/plugins/com.st.stm32cube.ide.mcu.externaltools.gnu-tools-for-stm32.10.3-2021.10.win32_1.0.100.202210260954/tools/bin/../lib/gcc/arm-none-eabi/10.3.1/../../../../arm-none-eabi/lib/thumb/v6-m/nofp\libc_nano.a(lib_a-init.o)
                              d:/stm/stm32cubeide/plugins/com.st.stm32cube.ide.mcu.externaltools.gnu-tools-for-stm32.10.3-2021.10.win32_1.0.100.202210260954/tools/bin/../lib/gcc/arm-none-eabi/10.3.1/../../../../arm-none-eabi/lib/thumb/v6-m/nofp/crt0.o (__libc_init_array)
d:/stm/stm32cubeide/plugins/com.st.stm32cube.ide.mcu.externaltools.gnu-tools-for-stm32.10.3-2021.10.win32_1.0.100.202210260954/tools/bin/../lib/gcc/arm-none-eabi/10.3.1/../../../../arm-none-eabi/lib/thumb/v6-m/nofp\libc_nano.a(lib_a-memset.o)
                              d:/stm/stm32cubeide/plugins/com.st.stm32cube.ide.mcu.externaltools.gnu-tools-for-stm32.10.3-2021.10.win32_1.0.100.202210260954/tools/bin/../lib/gcc/arm-none-eabi/10.3.1/../../../../arm-none-eabi/lib/thumb/v6-m/nofp/crt0.o (memset)
d:/stm/stm32cubeide/plugins/com.st.stm32cube.ide.mcu.externaltools.gnu-tools-for-stm32.10.3-2021.10.win32_1.0.100.202210260954/tools/bin/../lib/gcc/arm-none-eabi/10.3.1/thumb/v6-m/nofp\libgcc.a(_udivsi3.o)
                              ./Core/Src/system_stm32l0xx.o (__aeabi_uidiv)
d:/stm/stm32cubeide/plugins/com.st.stm32cube.ide.mcu.externaltools.gnu-tools-for-stm32.10.3-2021.10.win32_1.0.100.202210260954/tools/bin/../lib/gcc/arm-none-eabi/10.3.1/thumb/v6-m/nofp\libgcc.a(_divsi3.o)
                              ./Core/Src/User/driver_lis3mdl.o (__aeabi_idiv)
d:/stm/stm32cubeide/plugins/com.st.stm32cube.ide.mcu.externaltools.gnu-tools-for-stm32.10.3-2021.10.win32_1.0.100.202210260954/tools/bin/../lib/gcc/arm-none-eabi/10.3.1/thumb/v6-m/nofp\libgcc.a(_dvmd_tls.o)
                              d:/stm/stm32cubeide/plugins/com.st.stm32cube.ide.mcu.externaltools.gnu-tools-for-stm32.10.3-2021.10.win32_1.0.100.202210260954/tools/bin/../lib/gcc/arm-none-eabi/10.3.1/thumb/v6-m/nofp\libgcc.a(_udivsi3.o) (__aeabi_idiv0)
d:/stm/stm32cubeide/plugins/com.st.stm32cube.ide.mcu.externaltools.gnu-tools-for-stm32.10.3-2021.10.win32_1.0.100.202210260954/tools/bin/../lib/gcc/arm-none-eabi/10.3.1/thumb/v6-m/nofp\libgcc.a(_arm_cmpsf2.o)
                              ./Core/Src/User/driver_lis3mdl.o (__aeabi_fcmpge)
d:/stm/stm32cubeide/plugins/com.st.stm32cube.ide.mcu.externaltools.gnu-tools-for-stm32.10.3-2021.10.win32_1.0.100.202210260954/tools/bin/../lib/gcc/arm-none-eabi/10.3.1/thumb/v6-m/nofp\libgcc.a(_aeabi_uldivmod.o)
                              ./Drivers/STM32L0xx_HAL_Driver/Src/stm32l0xx_hal_rcc.o (__aeabi_uldivmod)
d:/stm/stm32cubeide/plugins/com.st.stm32cube.ide.mcu.externaltools.gnu-tools-for-stm32.10.3-2021.10.win32_1.0.100.202210260954/tools/bin/../lib/gcc/arm-none-eabi/10.3.1/thumb/v6-m/nofp\libgcc.a(_muldi3.o)
                              ./Drivers/STM32L0xx_HAL_Driver/Src/stm32l0xx_hal_rcc.o (__aeabi_lmul)
d:/stm/stm32cubeide/plugins/com.st.stm32cube.ide.mcu.externaltools.gnu-tools-for-stm32.10.3-2021.10.win32_1.0.100.202210260954/tools/bin/../lib/gcc/arm-none-eabi/10.3.1/thumb/v6-m/nofp\libgcc.a(_udivmoddi4.o)
                              d:/stm/stm32cubeide/plugins/com.st.stm32cube.ide.mcu.externaltools.gnu-tools-for-stm32.10.3-2021.10.win32_1.0.100.202210260954/tools/bin/../lib/gcc/arm-none-eabi/10.3.1/thumb/v6-m/nofp\libgcc.a(_aeabi_uldivmod.o) (__udivmoddi4)
[...]
Memory Configuration

Name             Origin             Length             Attributes
RAM              0x0000000020000000 0x0000000000002000 xrw
FLASH            0x0000000008000000 0x0000000000010000 xr
*default*        0x0000000000000000 0xffffffffffffffff

Linker script and memory map

LOAD d:/stm/stm32cubeide/plugins/com.st.stm32cube.ide.mcu.externaltools.gnu-tools-for-stm32.10.3-2021.10.win32_1.0.100.202210260954/tools/bin/../lib/gcc/arm-none-eabi/10.3.1/thumb/v6-m/nofp/crti.o
LOAD d:/stm/stm32cubeide/plugins/com.st.stm32cube.ide.mcu.externaltools.gnu-tools-for-stm32.10.3-2021.10.win32_1.0.100.202210260954/tools/bin/../lib/gcc/arm-none-eabi/10.3.1/thumb/v6-m/nofp/crtbegin.o
LOAD d:/stm/stm32cubeide/plugins/com.st.stm32cube.ide.mcu.externaltools.gnu-tools-for-stm32.10.3-2021.10.win32_1.0.100.202210260954/tools/bin/../lib/gcc/arm-none-eabi/10.3.1/../../../../arm-none-eabi/lib/thumb/v6-m/nofp/crt0.o
LOAD ./Core/Src/User/driver_lis3mdl.o
LOAD ./Core/Src/main.o
LOAD ./Core/Src/stm32l0xx_hal_msp.o
LOAD ./Core/Src/stm32l0xx_it.o
LOAD ./Core/Src/syscalls.o
LOAD ./Core/Src/sysmem.o
LOAD ./Core/Src/system_stm32l0xx.o
LOAD ./Core/Startup/startup_stm32l053c8tx.o
LOAD ./Drivers/STM32L0xx_HAL_Driver/Src/stm32l0xx_hal.o
LOAD ./Drivers/STM32L0xx_HAL_Driver/Src/stm32l0xx_hal_cortex.o
LOAD ./Drivers/STM32L0xx_HAL_Driver/Src/stm32l0xx_hal_dma.o
LOAD ./Drivers/STM32L0xx_HAL_Driver/Src/stm32l0xx_hal_exti.o
LOAD ./Drivers/STM32L0xx_HAL_Driver/Src/stm32l0xx_hal_flash.o
LOAD ./Drivers/STM32L0xx_HAL_Driver/Src/stm32l0xx_hal_flash_ex.o
LOAD ./Drivers/STM32L0xx_HAL_Driver/Src/stm32l0xx_hal_flash_ramfunc.o
LOAD ./Drivers/STM32L0xx_HAL_Driver/Src/stm32l0xx_hal_gpio.o
LOAD ./Drivers/STM32L0xx_HAL_Driver/Src/stm32l0xx_hal_i2c.o
LOAD ./Drivers/STM32L0xx_HAL_Driver/Src/stm32l0xx_hal_i2c_ex.o
LOAD ./Drivers/STM32L0xx_HAL_Driver/Src/stm32l0xx_hal_pwr.o
LOAD ./Drivers/STM32L0xx_HAL_Driver/Src/stm32l0xx_hal_pwr_ex.o
LOAD ./Drivers/STM32L0xx_HAL_Driver/Src/stm32l0xx_hal_rcc.o
LOAD ./Drivers/STM32L0xx_HAL_Driver/Src/stm32l0xx_hal_rcc_ex.o
LOAD ./Drivers/STM32L0xx_HAL_Driver/Src/stm32l0xx_hal_spi.o
LOAD ./Drivers/STM32L0xx_HAL_Driver/Src/stm32l0xx_hal_tim.o
LOAD ./Drivers/STM32L0xx_HAL_Driver/Src/stm32l0xx_hal_tim_ex.o
START GROUP
LOAD d:/stm/stm32cubeide/plugins/com.st.stm32cube.ide.mcu.externaltools.gnu-tools-for-stm32.10.3-2021.10.win32_1.0.100.202210260954/tools/bin/../lib/gcc/arm-none-eabi/10.3.1/../../../../arm-none-eabi/lib/thumb/v6-m/nofp\libc_nano.a
LOAD d:/stm/stm32cubeide/plugins/com.st.stm32cube.ide.mcu.externaltools.gnu-tools-for-stm32.10.3-2021.10.win32_1.0.100.202210260954/tools/bin/../lib/gcc/arm-none-eabi/10.3.1/../../../../arm-none-eabi/lib/thumb/v6-m/nofp\libm.a
END GROUP
START GROUP
LOAD d:/stm/stm32cubeide/plugins/com.st.stm32cube.ide.mcu.externaltools.gnu-tools-for-stm32.10.3-2021.10.win32_1.0.100.202210260954/tools/bin/../lib/gcc/arm-none-eabi/10.3.1/thumb/v6-m/nofp\libgcc.a
LOAD d:/stm/stm32cubeide/plugins/com.st.stm32cube.ide.mcu.externaltools.gnu-tools-for-stm32.10.3-2021.10.win32_1.0.100.202210260954/tools/bin/../lib/gcc/arm-none-eabi/10.3.1/../../../../arm-none-eabi/lib/thumb/v6-m/nofp\libc_nano.a
END GROUP
START GROUP
LOAD d:/stm/stm32cubeide/plugins/com.st.stm32cube.ide.mcu.externaltools.gnu-tools-for-stm32.10.3-2021.10.win32_1.0.100.202210260954/tools/bin/../lib/gcc/arm-none-eabi/10.3.1/thumb/v6-m/nofp\libgcc.a
LOAD d:/stm/stm32cubeide/plugins/com.st.stm32cube.ide.mcu.externaltools.gnu-tools-for-stm32.10.3-2021.10.win32_1.0.100.202210260954/tools/bin/../lib/gcc/arm-none-eabi/10.3.1/../../../../arm-none-eabi/lib/thumb/v6-m/nofp\libc_nano.a
LOAD d:/stm/stm32cubeide/plugins/com.st.stm32cube.ide.mcu.externaltools.gnu-tools-for-stm32.10.3-2021.10.win32_1.0.100.202210260954/tools/bin/../lib/gcc/arm-none-eabi/10.3.1/../../../../arm-none-eabi/lib/thumb/v6-m/nofp\libnosys.a
END GROUP
START GROUP
LOAD d:/stm/stm32cubeide/plugins/com.st.stm32cube.ide.mcu.externaltools.gnu-tools-for-stm32.10.3-2021.10.win32_1.0.100.202210260954/tools/bin/../lib/gcc/arm-none-eabi/10.3.1/thumb/v6-m/nofp\libgcc.a
LOAD d:/stm/stm32cubeide/plugins/com.st.stm32cube.ide.mcu.externaltools.gnu-tools-for-stm32.10.3-2021.10.win32_1.0.100.202210260954/tools/bin/../lib/gcc/arm-none-eabi/10.3.1/../../../../arm-none-eabi/lib/thumb/v6-m/nofp\libc_nano.a
LOAD d:/stm/stm32cubeide/plugins/com.st.stm32cube.ide.mcu.externaltools.gnu-tools-for-stm32.10.3-2021.10.win32_1.0.100.202210260954/tools/bin/../lib/gcc/arm-none-eabi/10.3.1/../../../../arm-none-eabi/lib/thumb/v6-m/nofp\libnosys.a
END GROUP
LOAD d:/stm/stm32cubeide/plugins/com.st.stm32cube.ide.mcu.externaltools.gnu-tools-for-stm32.10.3-2021.10.win32_1.0.100.202210260954/tools/bin/../lib/gcc/arm-none-eabi/10.3.1/thumb/v6-m/nofp/crtend.o
LOAD d:/stm/stm32cubeide/plugins/com.st.stm32cube.ide.mcu.externaltools.gnu-tools-for-stm32.10.3-2021.10.win32_1.0.100.202210260954/tools/bin/../lib/gcc/arm-none-eabi/10.3.1/thumb/v6-m/nofp/crtn.o
                0x0000000020002000                _estack = (ORIGIN (RAM) + LENGTH (RAM))
                0x0000000000000200                _Min_Heap_Size = 0x200
                0x0000000000000400                _Min_Stack_Size = 0x400

.isr_vector     0x0000000008000000       0xc0
                0x0000000008000000                . = ALIGN (0x4)
 *(.isr_vector)
 .isr_vector    0x0000000008000000       0xc0 ./Core/Startup/startup_stm32l053c8tx.o
                0x0000000008000000                g_pfnVectors
                0x00000000080000c0                . = ALIGN (0x4)

.text           0x00000000080000c0     0x468c
                0x00000000080000c0                . = ALIGN (0x4)
 *(.text)
 .text          0x00000000080000c0       0x48 d:/stm/stm32cubeide/plugins/com.st.stm32cube.ide.mcu.externaltools.gnu-tools-for-stm32.10.3-2021.10.win32_1.0.100.202210260954/tools/bin/../lib/gcc/arm-none-eabi/10.3.1/thumb/v6-m/nofp/crtbegin.o
 .text          0x0000000008000108      0x114 d:/stm/stm32cubeide/plugins/com.st.stm32cube.ide.mcu.externaltools.gnu-tools-for-stm32.10.3-2021.10.win32_1.0.100.202210260954/tools/bin/../lib/gcc/arm-none-eabi/10.3.1/thumb/v6-m/nofp\libgcc.a(_udivsi3.o)
                0x0000000008000108                __aeabi_uidiv
                0x0000000008000108                __udivsi3
                0x0000000008000214                __aeabi_uidivmod
 .text          0x000000000800021c      0x1d4 d:/stm/stm32cubeide/plugins/com.st.stm32cube.ide.mcu.externaltools.gnu-tools-for-stm32.10.3-2021.10.win32_1.0.100.202210260954/tools/bin/../lib/gcc/arm-none-eabi/10.3.1/thumb/v6-m/nofp\libgcc.a(_divsi3.o)
                0x000000000800021c                __divsi3
                0x000000000800021c                __aeabi_idiv
                0x00000000080003e8                __aeabi_idivmod
 .text          0x00000000080003f0        0x4 d:/stm/stm32cubeide/plugins/com.st.stm32cube.ide.mcu.externaltools.gnu-tools-for-stm32.10.3-2021.10.win32_1.0.100.202210260954/tools/bin/../lib/gcc/arm-none-eabi/10.3.1/thumb/v6-m/nofp\libgcc.a(_dvmd_tls.o)
                0x00000000080003f0                __aeabi_idiv0
                0x00000000080003f0                __aeabi_ldiv0
 .text          0x00000000080003f4       0x74 d:/stm/stm32cubeide/plugins/com.st.stm32cube.ide.mcu.externaltools.gnu-tools-for-stm32.10.3-2021.10.win32_1.0.100.202210260954/tools/bin/../lib/gcc/arm-none-eabi/10.3.1/thumb/v6-m/nofp\libgcc.a(_arm_cmpsf2.o)
                0x00000000080003f4                __aeabi_cfrcmple
                0x00000000080003fc                __aeabi_cfcmpeq
                0x00000000080003fc                __aeabi_cfcmple
                0x000000000800040c                __aeabi_fcmpeq
                0x0000000008000418                __aeabi_fcmplt
                0x000000000800042c                __aeabi_fcmple
                0x0000000008000440                __aeabi_fcmpgt
                0x0000000008000454                __aeabi_fcmpge
 .text          0x0000000008000468       0x40 d:/stm/stm32cubeide/plugins/com.st.stm32cube.ide.mcu.externaltools.gnu-tools-for-stm32.10.3-2021.10.win32_1.0.100.202210260954/tools/bin/../lib/gcc/arm-none-eabi/10.3.1/thumb/v6-m/nofp\libgcc.a(_aeabi_uldivmod.o)
                0x0000000008000468                __aeabi_uldivmod
 .text          0x00000000080004a8       0x5c d:/stm/stm32cubeide/plugins/com.st.stm32cube.ide.mcu.externaltools.gnu-tools-for-stm32.10.3-2021.10.win32_1.0.100.202210260954/tools/bin/../lib/gcc/arm-none-eabi/10.3.1/thumb/v6-m/nofp\libgcc.a(_muldi3.o)
                0x00000000080004a8                __muldi3
                0x00000000080004a8                __aeabi_lmul
 .text          0x0000000008000504      0x198 d:/stm/stm32cubeide/plugins/com.st.stm32cube.ide.mcu.externaltools.gnu-tools-for-stm32.10.3-2021.10.win32_1.0.100.202210260954/tools/bin/../lib/gcc/arm-none-eabi/10.3.1/thumb/v6-m/nofp\libgcc.a(_udivmoddi4.o)
                0x0000000008000504                __udivmoddi4
 .text          0x000000000800069c       0x4c d:/stm/stm32cubeide/plugins/com.st.stm32cube.ide.mcu.externaltools.gnu-tools-for-stm32.10.3-2021.10.win32_1.0.100.202210260954/tools/bin/../lib/gcc/arm-none-eabi/10.3.1/thumb/v6-m/nofp\libgcc.a(eqsf2.o)
                0x000000000800069c                __eqsf2
                0x000000000800069c                __nesf2
 .text          0x00000000080006e8       0x8c d:/stm/stm32cubeide/plugins/com.st.stm32cube.ide.mcu.externaltools.gnu-tools-for-stm32.10.3-2021.10.win32_1.0.100.202210260954/tools/bin/../lib/gcc/arm-none-eabi/10.3.1/thumb/v6-m/nofp\libgcc.a(gesf2.o)
                0x00000000080006e8                __gesf2
                0x00000000080006e8                __gtsf2
 .text          0x0000000008000774       0x88 d:/stm/stm32cubeide/plugins/com.st.stm32cube.ide.mcu.externaltools.gnu-tools-for-stm32.10.3-2021.10.win32_1.0.100.202210260954/tools/bin/../lib/gcc/arm-none-eabi/10.3.1/thumb/v6-m/nofp\libgcc.a(lesf2.o)
                0x0000000008000774                __ltsf2
                0x0000000008000774                __lesf2
 .text          0x00000000080007fc       0x40 d:/stm/stm32cubeide/plugins/com.st.stm32cube.ide.mcu.externaltools.gnu-tools-for-stm32.10.3-2021.10.win32_1.0.100.202210260954/tools/bin/../lib/gcc/arm-none-eabi/10.3.1/thumb/v6-m/nofp\libgcc.a(fixsfsi.o)
                0x00000000080007fc                __aeabi_f2iz
 .text          0x000000000800083c       0x9c d:/stm/stm32cubeide/plugins/com.st.stm32cube.ide.mcu.externaltools.gnu-tools-for-stm32.10.3-2021.10.win32_1.0.100.202210260954/tools/bin/../lib/gcc/arm-none-eabi/10.3.1/thumb/v6-m/nofp\libgcc.a(floatsisf.o)
                0x000000000800083c                __aeabi_i2f
 .text          0x00000000080008d8       0x3c d:/stm/stm32cubeide/plugins/com.st.stm32cube.ide.mcu.externaltools.gnu-tools-for-stm32.10.3-2021.10.win32_1.0.100.202210260954/tools/bin/../lib/gcc/arm-none-eabi/10.3.1/thumb/v6-m/nofp\libgcc.a(_clzsi2.o)
                0x00000000080008d8                __clzsi2
 .text          0x0000000008000914       0x18 d:/stm/stm32cubeide/plugins/com.st.stm32cube.ide.mcu.externaltools.gnu-tools-for-stm32.10.3-2021.10.win32_1.0.100.202210260954/tools/bin/../lib/gcc/arm-none-eabi/10.3.1/thumb/v6-m/nofp\libgcc.a(_clzdi2.o)
                0x0000000008000914                __clzdi2
 *(.text*)
 .text.Driver_Lis3mdl_WriteReg
                0x000000000800092c       0x84 ./Core/Src/User/driver_lis3mdl.o
 .text.Driver_Lis3mdl_Read
                0x00000000080009b0       0x88 ./Core/Src/User/driver_lis3mdl.o
 .text.Driver_Lis3mdl_Read_IT
                0x0000000008000a38       0x9c ./Core/Src/User/driver_lis3mdl.o
 .text.HAL_SPI_TxCpltCallback
                0x0000000008000ad4       0x1c ./Core/Src/User/driver_lis3mdl.o
                0x0000000008000ad4                HAL_SPI_TxCpltCallback
 .text.HAL_SPI_RxCpltCallback
                0x0000000008000af0       0x2c ./Core/Src/User/driver_lis3mdl.o
                0x0000000008000af0                HAL_SPI_RxCpltCallback
 .text.Driver_Lis3mdl_InitCtrlReg
                0x0000000008000b1c       0xe8 ./Core/Src/User/driver_lis3mdl.o
 .text.Driver_Lis3mdl_ToGausScale
                0x0000000008000c04       0xdc ./Core/Src/User/driver_lis3mdl.o
 .text.Utility_TwosCompToDec
                0x0000000008000ce0       0xae ./Core/Src/User/driver_lis3mdl.o
 *fill*         0x0000000008000d8e        0x2 
 .text.Driver_Lis3mdl_Init
                0x0000000008000d90       0x48 ./Core/Src/User/driver_lis3mdl.o
                0x0000000008000d90                Driver_Lis3mdl_Init
 .text.Driver_Lis3mdl_UpdateSensorData_IT
                0x0000000008000dd8      0x1bc ./Core/Src/User/driver_lis3mdl.o
                0x0000000008000dd8                Driver_Lis3mdl_UpdateSensorData_IT
 .text.Driver_Lis3mdl_GetSensorData
                0x0000000008000f94       0x20 ./Core/Src/User/driver_lis3mdl.o
                0x0000000008000f94                Driver_Lis3mdl_GetSensorData
 .text.Driver_Lis3mdl_ExampleApp
                0x0000000008000fb4      0x120 ./Core/Src/User/driver_lis3mdl.o
                0x0000000008000fb4                Driver_Lis3mdl_ExampleApp
 .text.main     0x00000000080010d4       0x5c ./Core/Src/main.o
                0x00000000080010d4                main
 .text.SystemClock_Config
                0x0000000008001130       0xb8 ./Core/Src/main.o
                0x0000000008001130                SystemClock_Config
 .text.MX_SPI2_Init
                0x00000000080011e8       0x70 ./Core/Src/main.o
 .text.MX_TIM6_Init
                0x0000000008001258       0x74 ./Core/Src/main.o
 .text.MX_DMA_Init
                0x00000000080012cc       0x3c ./Core/Src/main.o
 .text.MX_GPIO_Init
                0x0000000008001308       0xc4 ./Core/Src/main.o
 .text.Error_Handler
                0x00000000080013cc        0xa ./Core/Src/main.o
                0x00000000080013cc                Error_Handler
 *fill*         0x00000000080013d6        0x2 
 .text.HAL_MspInit
                0x00000000080013d8       0x54 ./Core/Src/stm32l0xx_hal_msp.o
                0x00000000080013d8                HAL_MspInit
 .text.HAL_SPI_MspInit
                0x000000000800142c      0x150 ./Core/Src/stm32l0xx_hal_msp.o
                0x000000000800142c                HAL_SPI_MspInit
 .text.HAL_TIM_Base_MspInit
                0x000000000800157c       0x40 ./Core/Src/stm32l0xx_hal_msp.o
                0x000000000800157c                HAL_TIM_Base_MspInit
 .text.NMI_Handler
                0x00000000080015bc        0x6 ./Core/Src/stm32l0xx_it.o
                0x00000000080015bc                NMI_Handler
 .text.HardFault_Handler
                0x00000000080015c2        0x6 ./Core/Src/stm32l0xx_it.o
                0x00000000080015c2                HardFault_Handler
 .text.SVC_Handler
                0x00000000080015c8        0xa ./Core/Src/stm32l0xx_it.o
                0x00000000080015c8                SVC_Handler
 .text.PendSV_Handler
                0x00000000080015d2        0xa ./Core/Src/stm32l0xx_it.o
                0x00000000080015d2                PendSV_Handler
 .text.SysTick_Handler
                0x00000000080015dc        0xe ./Core/Src/stm32l0xx_it.o
                0x00000000080015dc                SysTick_Handler
 *fill*         0x00000000080015ea        0x2 
 .text.DMA1_Channel4_5_6_7_IRQHandler
                0x00000000080015ec       0x24 ./Core/Src/stm32l0xx_it.o
                0x00000000080015ec                DMA1_Channel4_5_6_7_IRQHandler
 .text.TIM6_DAC_IRQHandler
                0x0000000008001610       0x18 ./Core/Src/stm32l0xx_it.o
                0x0000000008001610                TIM6_DAC_IRQHandler
 .text.SPI2_IRQHandler
                0x0000000008001628       0x18 ./Core/Src/stm32l0xx_it.o
                0x0000000008001628                SPI2_IRQHandler
 .text.SystemInit
                0x0000000008001640        0xa ./Core/Src/system_stm32l0xx.o
                0x0000000008001640                SystemInit
 *fill*         0x000000000800164a        0x2 
 .text.Reset_Handler
                0x000000000800164c       0x50 ./Core/Startup/startup_stm32l053c8tx.o
                0x000000000800164c                Reset_Handler
 .text.Default_Handler
                0x000000000800169c        0x2 ./Core/Startup/startup_stm32l053c8tx.o
                0x000000000800169c                TSC_IRQHandler
                0x000000000800169c                ADC1_COMP_IRQHandler
                0x000000000800169c                PVD_IRQHandler
                0x000000000800169c                I2C1_IRQHandler
                0x000000000800169c                RCC_CRS_IRQHandler
                0x000000000800169c                SPI1_IRQHandler
                0x000000000800169c                EXTI2_3_IRQHandler
                0x000000000800169c                I2C2_IRQHandler
                0x000000000800169c                RTC_IRQHandler
                0x000000000800169c                LCD_IRQHandler
                0x000000000800169c                EXTI4_15_IRQHandler
                0x000000000800169c                DMA1_Channel1_IRQHandler
                0x000000000800169c                Default_Handler
                0x000000000800169c                TIM22_IRQHandler
                0x000000000800169c                EXTI0_1_IRQHandler
                0x000000000800169c                USB_IRQHandler
                0x000000000800169c                TIM21_IRQHandler
                0x000000000800169c                WWDG_IRQHandler
                0x000000000800169c                TIM2_IRQHandler
                0x000000000800169c                DMA1_Channel2_3_IRQHandler
                0x000000000800169c                USART2_IRQHandler
                0x000000000800169c                FLASH_IRQHandler
                0x000000000800169c                USART1_IRQHandler
                0x000000000800169c                RNG_LPUART1_IRQHandler
                0x000000000800169c                LPTIM1_IRQHandler
 *fill*         0x000000000800169e        0x2 
 .text.HAL_Init
                0x00000000080016a0       0x40 ./Drivers/STM32L0xx_HAL_Driver/Src/stm32l0xx_hal.o
                0x00000000080016a0                HAL_Init
 .text.HAL_InitTick
                0x00000000080016e0       0x68 ./Drivers/STM32L0xx_HAL_Driver/Src/stm32l0xx_hal.o
                0x00000000080016e0                HAL_InitTick
 .text.HAL_IncTick
                0x0000000008001748       0x24 ./Drivers/STM32L0xx_HAL_Driver/Src/stm32l0xx_hal.o
                0x0000000008001748                HAL_IncTick
 .text.HAL_GetTick
                0x000000000800176c       0x14 ./Drivers/STM32L0xx_HAL_Driver/Src/stm32l0xx_hal.o
                0x000000000800176c                HAL_GetTick
 .text.HAL_Delay
                0x0000000008001780       0x48 ./Drivers/STM32L0xx_HAL_Driver/Src/stm32l0xx_hal.o
                0x0000000008001780                HAL_Delay
 .text.__NVIC_EnableIRQ
                0x00000000080017c8       0x34 ./Drivers/STM32L0xx_HAL_Driver/Src/stm32l0xx_hal_cortex.o
 .text.__NVIC_SetPriority
                0x00000000080017fc       0xdc ./Drivers/STM32L0xx_HAL_Driver/Src/stm32l0xx_hal_cortex.o
 .text.SysTick_Config
                0x00000000080018d8       0x48 ./Drivers/STM32L0xx_HAL_Driver/Src/stm32l0xx_hal_cortex.o
 .text.HAL_NVIC_SetPriority
                0x0000000008001920       0x2a ./Drivers/STM32L0xx_HAL_Driver/Src/stm32l0xx_hal_cortex.o
                0x0000000008001920                HAL_NVIC_SetPriority
 .text.HAL_NVIC_EnableIRQ
                0x000000000800194a       0x20 ./Drivers/STM32L0xx_HAL_Driver/Src/stm32l0xx_hal_cortex.o
                0x000000000800194a                HAL_NVIC_EnableIRQ
 .text.HAL_SYSTICK_Config
                0x000000000800196a       0x1a ./Drivers/STM32L0xx_HAL_Driver/Src/stm32l0xx_hal_cortex.o
                0x000000000800196a                HAL_SYSTICK_Config
 .text.HAL_DMA_Init
                0x0000000008001984       0xf0 ./Drivers/STM32L0xx_HAL_Driver/Src/stm32l0xx_hal_dma.o
                0x0000000008001984                HAL_DMA_Init
 .text.HAL_DMA_Abort_IT
                0x0000000008001a74       0x8e ./Drivers/STM32L0xx_HAL_Driver/Src/stm32l0xx_hal_dma.o
                0x0000000008001a74                HAL_DMA_Abort_IT
 .text.HAL_DMA_IRQHandler
                0x0000000008001b02      0x15c ./Drivers/STM32L0xx_HAL_Driver/Src/stm32l0xx_hal_dma.o
                0x0000000008001b02                HAL_DMA_IRQHandler
 *fill*         0x0000000008001c5e        0x2 
 .text.HAL_GPIO_Init
                0x0000000008001c60      0x2ec ./Drivers/STM32L0xx_HAL_Driver/Src/stm32l0xx_hal_gpio.o
                0x0000000008001c60                HAL_GPIO_Init
 .text.HAL_GPIO_WritePin
                0x0000000008001f4c       0x3a ./Drivers/STM32L0xx_HAL_Driver/Src/stm32l0xx_hal_gpio.o
                0x0000000008001f4c                HAL_GPIO_WritePin
 *fill*         0x0000000008001f86        0x2 
 .text.HAL_PWR_ConfigPVD
                0x0000000008001f88       0xc4 ./Drivers/STM32L0xx_HAL_Driver/Src/stm32l0xx_hal_pwr.o
                0x0000000008001f88                HAL_PWR_ConfigPVD
 .text.HAL_PWR_EnablePVD
                0x000000000800204c       0x1c ./Drivers/STM32L0xx_HAL_Driver/Src/stm32l0xx_hal_pwr.o
                0x000000000800204c                HAL_PWR_EnablePVD
 .text.HAL_RCC_OscConfig
                0x0000000008002068      0x788 ./Drivers/STM32L0xx_HAL_Driver/Src/stm32l0xx_hal_rcc.o
                0x0000000008002068                HAL_RCC_OscConfig
 .text.HAL_RCC_ClockConfig
                0x00000000080027f0      0x290 ./Drivers/STM32L0xx_HAL_Driver/Src/stm32l0xx_hal_rcc.o
                0x00000000080027f0                HAL_RCC_ClockConfig
 .text.HAL_RCC_GetSysClockFreq
                0x0000000008002a80      0x14c ./Drivers/STM32L0xx_HAL_Driver/Src/stm32l0xx_hal_rcc.o
                0x0000000008002a80                HAL_RCC_GetSysClockFreq
 .text.HAL_SPI_Init
                0x0000000008002bcc      0x128 ./Drivers/STM32L0xx_HAL_Driver/Src/stm32l0xx_hal_spi.o
                0x0000000008002bcc                HAL_SPI_Init
 .text.HAL_SPI_Transmit
                0x0000000008002cf4      0x2ac ./Drivers/STM32L0xx_HAL_Driver/Src/stm32l0xx_hal_spi.o
                0x0000000008002cf4                HAL_SPI_Transmit
 .text.HAL_SPI_Receive
                0x0000000008002fa0      0x24c ./Drivers/STM32L0xx_HAL_Driver/Src/stm32l0xx_hal_spi.o
                0x0000000008002fa0                HAL_SPI_Receive
 .text.HAL_SPI_TransmitReceive
                0x00000000080031ec      0x376 ./Drivers/STM32L0xx_HAL_Driver/Src/stm32l0xx_hal_spi.o
                0x00000000080031ec                HAL_SPI_TransmitReceive
 *fill*         0x0000000008003562        0x2 
 .text.HAL_SPI_Transmit_IT
                0x0000000008003564      0x12c ./Drivers/STM32L0xx_HAL_Driver/Src/stm32l0xx_hal_spi.o
                0x0000000008003564                HAL_SPI_Transmit_IT
 .text.HAL_SPI_Receive_IT
                0x0000000008003690      0x15c ./Drivers/STM32L0xx_HAL_Driver/Src/stm32l0xx_hal_spi.o
                0x0000000008003690                HAL_SPI_Receive_IT
 .text.HAL_SPI_TransmitReceive_IT
                0x00000000080037ec      0x150 ./Drivers/STM32L0xx_HAL_Driver/Src/stm32l0xx_hal_spi.o
                0x00000000080037ec                HAL_SPI_TransmitReceive_IT
 .text.HAL_SPI_IRQHandler
                0x000000000800393c      0x1fc ./Drivers/STM32L0xx_HAL_Driver/Src/stm32l0xx_hal_spi.o
                0x000000000800393c                HAL_SPI_IRQHandler
 .text.HAL_SPI_TxRxCpltCallback
                0x0000000008003b38       0x10 ./Drivers/STM32L0xx_HAL_Driver/Src/stm32l0xx_hal_spi.o
                0x0000000008003b38                HAL_SPI_TxRxCpltCallback
 .text.HAL_SPI_ErrorCallback
                0x0000000008003b48       0x10 ./Drivers/STM32L0xx_HAL_Driver/Src/stm32l0xx_hal_spi.o
                0x0000000008003b48                HAL_SPI_ErrorCallback
 .text.SPI_DMAAbortOnError
                0x0000000008003b58       0x2a ./Drivers/STM32L0xx_HAL_Driver/Src/stm32l0xx_hal_spi.o
 .text.SPI_2linesRxISR_8BIT
                0x0000000008003b82       0x66 ./Drivers/STM32L0xx_HAL_Driver/Src/stm32l0xx_hal_spi.o
 .text.SPI_2linesTxISR_8BIT
                0x0000000008003be8       0x62 ./Drivers/STM32L0xx_HAL_Driver/Src/stm32l0xx_hal_spi.o
 .text.SPI_2linesRxISR_16BIT
                0x0000000008003c4a       0x62 ./Drivers/STM32L0xx_HAL_Driver/Src/stm32l0xx_hal_spi.o
 .text.SPI_2linesTxISR_16BIT
                0x0000000008003cac       0x60 ./Drivers/STM32L0xx_HAL_Driver/Src/stm32l0xx_hal_spi.o
 .text.SPI_RxISR_8BIT
                0x0000000008003d0c       0x4c ./Drivers/STM32L0xx_HAL_Driver/Src/stm32l0xx_hal_spi.o
 .text.SPI_RxISR_16BIT
                0x0000000008003d58       0x48 ./Drivers/STM32L0xx_HAL_Driver/Src/stm32l0xx_hal_spi.o
 .text.SPI_TxISR_8BIT
                0x0000000008003da0       0x48 ./Drivers/STM32L0xx_HAL_Driver/Src/stm32l0xx_hal_spi.o
 .text.SPI_TxISR_16BIT
                0x0000000008003de8       0x46 ./Drivers/STM32L0xx_HAL_Driver/Src/stm32l0xx_hal_spi.o
 *fill*         0x0000000008003e2e        0x2 
 .text.SPI_WaitFlagStateUntilTimeout
                0x0000000008003e30      0x11c ./Drivers/STM32L0xx_HAL_Driver/Src/stm32l0xx_hal_spi.o
 .text.SPI_EndRxTransaction
                0x0000000008003f4c       0xd4 ./Drivers/STM32L0xx_HAL_Driver/Src/stm32l0xx_hal_spi.o
 .text.SPI_EndRxTxTransaction
                0x0000000008004020       0x8c ./Drivers/STM32L0xx_HAL_Driver/Src/stm32l0xx_hal_spi.o
 .text.SPI_CloseRxTx_ISR
                0x00000000080040ac       0xf0 ./Drivers/STM32L0xx_HAL_Driver/Src/stm32l0xx_hal_spi.o
 .text.SPI_CloseRx_ISR
                0x000000000800419c       0x80 ./Drivers/STM32L0xx_HAL_Driver/Src/stm32l0xx_hal_spi.o
 .text.SPI_CloseTx_ISR
                0x000000000800421c       0xc8 ./Drivers/STM32L0xx_HAL_Driver/Src/stm32l0xx_hal_spi.o
 .text.HAL_TIM_Base_Init
                0x00000000080042e4       0x80 ./Drivers/STM32L0xx_HAL_Driver/Src/stm32l0xx_hal_tim.o
                0x00000000080042e4                HAL_TIM_Base_Init
 .text.HAL_TIM_IRQHandler
                0x0000000008004364      0x1d0 ./Drivers/STM32L0xx_HAL_Driver/Src/stm32l0xx_hal_tim.o
                0x0000000008004364                HAL_TIM_IRQHandler
 .text.HAL_TIM_PeriodElapsedCallback
                0x0000000008004534       0x10 ./Drivers/STM32L0xx_HAL_Driver/Src/stm32l0xx_hal_tim.o
                0x0000000008004534                HAL_TIM_PeriodElapsedCallback
 .text.HAL_TIM_OC_DelayElapsedCallback
                0x0000000008004544       0x10 ./Drivers/STM32L0xx_HAL_Driver/Src/stm32l0xx_hal_tim.o
                0x0000000008004544                HAL_TIM_OC_DelayElapsedCallback
 .text.HAL_TIM_IC_CaptureCallback
                0x0000000008004554       0x10 ./Drivers/STM32L0xx_HAL_Driver/Src/stm32l0xx_hal_tim.o
                0x0000000008004554                HAL_TIM_IC_CaptureCallback
 .text.HAL_TIM_PWM_PulseFinishedCallback
                0x0000000008004564       0x10 ./Drivers/STM32L0xx_HAL_Driver/Src/stm32l0xx_hal_tim.o
                0x0000000008004564                HAL_TIM_PWM_PulseFinishedCallback
 .text.HAL_TIM_TriggerCallback
                0x0000000008004574       0x10 ./Drivers/STM32L0xx_HAL_Driver/Src/stm32l0xx_hal_tim.o
                0x0000000008004574                HAL_TIM_TriggerCallback
 .text.TIM_Base_SetConfig
                0x0000000008004584       0xa8 ./Drivers/STM32L0xx_HAL_Driver/Src/stm32l0xx_hal_tim.o
 .text.HAL_TIMEx_MasterConfigSynchronization
                0x000000000800462c       0xb0 ./Drivers/STM32L0xx_HAL_Driver/Src/stm32l0xx_hal_tim_ex.o
                0x000000000800462c                HAL_TIMEx_MasterConfigSynchronization
 .text.__libc_init_array
                0x00000000080046dc       0x48 d:/stm/stm32cubeide/plugins/com.st.stm32cube.ide.mcu.externaltools.gnu-tools-for-stm32.10.3-2021.10.win32_1.0.100.202210260954/tools/bin/../lib/gcc/arm-none-eabi/10.3.1/../../../../arm-none-eabi/lib/thumb/v6-m/nofp\libc_nano.a(lib_a-init.o)
                0x00000000080046dc                __libc_init_array
 .text.memset   0x0000000008004724       0x10 d:/stm/stm32cubeide/plugins/com.st.stm32cube.ide.mcu.externaltools.gnu-tools-for-stm32.10.3-2021.10.win32_1.0.100.202210260954/tools/bin/../lib/gcc/arm-none-eabi/10.3.1/../../../../arm-none-eabi/lib/thumb/v6-m/nofp\libc_nano.a(lib_a-memset.o)
                0x0000000008004724                memset
 *(.glue_7)
 .glue_7        0x0000000008004734        0x0 linker stubs
 *(.glue_7t)
 .glue_7t       0x0000000008004734        0x0 linker stubs
 *(.eh_frame)
 .eh_frame      0x0000000008004734        0x0 d:/stm/stm32cubeide/plugins/com.st.stm32cube.ide.mcu.externaltools.gnu-tools-for-stm32.10.3-2021.10.win32_1.0.100.202210260954/tools/bin/../lib/gcc/arm-none-eabi/10.3.1/thumb/v6-m/nofp/crtbegin.o
 *(.init)
 .init          0x0000000008004734        0x4 d:/stm/stm32cubeide/plugins/com.st.stm32cube.ide.mcu.externaltools.gnu-tools-for-stm32.10.3-2021.10.win32_1.0.100.202210260954/tools/bin/../lib/gcc/arm-none-eabi/10.3.1/thumb/v6-m/nofp/crti.o
                0x0000000008004734                _init
 .init          0x0000000008004738        0x8 d:/stm/stm32cubeide/plugins/com.st.stm32cube.ide.mcu.externaltools.gnu-tools-for-stm32.10.3-2021.10.win32_1.0.100.202210260954/tools/bin/../lib/gcc/arm-none-eabi/10.3.1/thumb/v6-m/nofp/crtn.o
 *(.fini)
 .fini          0x0000000008004740        0x4 d:/stm/stm32cubeide/plugins/com.st.stm32cube.ide.mcu.externaltools.gnu-tools-for-stm32.10.3-2021.10.win32_1.0.100.202210260954/tools/bin/../lib/gcc/arm-none-eabi/10.3.1/thumb/v6-m/nofp/crti.o
                0x0000000008004740                _fini
 .fini          0x0000000008004744        0x8 d:/stm/stm32cubeide/plugins/com.st.stm32cube.ide.mcu.externaltools.gnu-tools-for-stm32.10.3-2021.10.win32_1.0.100.202210260954/tools/bin/../lib/gcc/arm-none-eabi/10.3.1/thumb/v6-m/nofp/crtn.o
                0x000000000800474c                . = ALIGN (0x4)
                0x000000000800474c                _etext = .

.vfp11_veneer   0x000000000800474c        0x0
 .vfp11_veneer  0x000000000800474c        0x0 linker stubs

.v4_bx          0x000000000800474c        0x0
 .v4_bx         0x000000000800474c        0x0 linker stubs

.iplt           0x000000000800474c        0x0
 .iplt          0x000000000800474c        0x0 d:/stm/stm32cubeide/plugins/com.st.stm32cube.ide.mcu.externaltools.gnu-tools-for-stm32.10.3-2021.10.win32_1.0.100.202210260954/tools/bin/../lib/gcc/arm-none-eabi/10.3.1/thumb/v6-m/nofp/crtbegin.o

.rodata         0x000000000800474c       0x40
                0x000000000800474c                . = ALIGN (0x4)
 *(.rodata)
 *(.rodata*)
 .rodata.Driver_Lis3mdl_UpdateSensorData_IT
                0x000000000800474c       0x24 ./Core/Src/User/driver_lis3mdl.o
 .rodata.AHBPrescTable
                0x0000000008004770       0x10 ./Core/Src/system_stm32l0xx.o
                0x0000000008004770                AHBPrescTable
 .rodata.PLLMulTable
                0x0000000008004780        0x9 ./Core/Src/system_stm32l0xx.o
                0x0000000008004780                PLLMulTable
                0x000000000800478c                . = ALIGN (0x4)
 *fill*         0x0000000008004789        0x3 

.ARM.extab      0x000000000800478c        0x0
                0x000000000800478c                . = ALIGN (0x4)
 *(.ARM.extab* .gnu.linkonce.armextab.*)
                0x000000000800478c                . = ALIGN (0x4)

.ARM            0x000000000800478c        0x8
                0x000000000800478c                . = ALIGN (0x4)
                0x000000000800478c                __exidx_start = .
 *(.ARM.exidx*)
 .ARM.exidx     0x000000000800478c        0x8 d:/stm/stm32cubeide/plugins/com.st.stm32cube.ide.mcu.externaltools.gnu-tools-for-stm32.10.3-2021.10.win32_1.0.100.202210260954/tools/bin/../lib/gcc/arm-none-eabi/10.3.1/thumb/v6-m/nofp\libgcc.a(_udivmoddi4.o)
                0x0000000008004794                __exidx_end = .
                0x0000000008004794                . = ALIGN (0x4)

.rel.dyn        0x0000000008004794        0x0
 .rel.iplt      0x0000000008004794        0x0 d:/stm/stm32cubeide/plugins/com.st.stm32cube.ide.mcu.externaltools.gnu-tools-for-stm32.10.3-2021.10.win32_1.0.100.202210260954/tools/bin/../lib/gcc/arm-none-eabi/10.3.1/thumb/v6-m/nofp/crtbegin.o

.preinit_array  0x0000000008004794        0x0
                0x0000000008004794                . = ALIGN (0x4)
                0x0000000008004794                PROVIDE (__preinit_array_start = .)
 *(.preinit_array*)
                0x0000000008004794                PROVIDE (__preinit_array_end = .)
                0x0000000008004794                . = ALIGN (0x4)

.init_array     0x0000000008004794        0x4
                0x0000000008004794                . = ALIGN (0x4)
                0x0000000008004794                PROVIDE (__init_array_start = .)
 *(SORT_BY_NAME(.init_array.*))
 *(.init_array*)
 .init_array    0x0000000008004794        0x4 d:/stm/stm32cubeide/plugins/com.st.stm32cube.ide.mcu.externaltools.gnu-tools-for-stm32.10.3-2021.10.win32_1.0.100.202210260954/tools/bin/../lib/gcc/arm-none-eabi/10.3.1/thumb/v6-m/nofp/crtbegin.o
                0x0000000008004798                PROVIDE (__init_array_end = .)
                0x0000000008004798                . = ALIGN (0x4)

.fini_array     0x0000000008004798        0x4
                0x0000000008004798                . = ALIGN (0x4)
                [!provide]                        PROVIDE (__fini_array_start = .)
 *(SORT_BY_NAME(.fini_array.*))
 *(.fini_array*)
 .fini_array    0x0000000008004798        0x4 d:/stm/stm32cubeide/plugins/com.st.stm32cube.ide.mcu.externaltools.gnu-tools-for-stm32.10.3-2021.10.win32_1.0.100.202210260954/tools/bin/../lib/gcc/arm-none-eabi/10.3.1/thumb/v6-m/nofp/crtbegin.o
                [!provide]                        PROVIDE (__fini_array_end = .)
                0x000000000800479c                . = ALIGN (0x4)
                0x000000000800479c                _sidata = LOADADDR (.data)

.data           0x0000000020000000       0x50 load address 0x000000000800479c
                0x0000000020000000                . = ALIGN (0x4)
                0x0000000020000000                _sdata = .
 *(.data)
 *(.data*)
 .data.sensor_config
                0x0000000020000000        0xe ./Core/Src/User/driver_lis3mdl.o
                0x0000000020000000                sensor_config
 *fill*         0x000000002000000e        0x2 
 .data.lis3mdl_reg_LUT
                0x0000000020000010       0x32 ./Core/Src/User/driver_lis3mdl.o
 .data.msb_index
                0x0000000020000042        0x1 ./Core/Src/User/driver_lis3mdl.o
 *fill*         0x0000000020000043        0x1 
 .data.SystemCoreClock
                0x0000000020000044        0x4 ./Core/Src/system_stm32l0xx.o
                0x0000000020000044                SystemCoreClock
 .data.uwTickPrio
                0x0000000020000048        0x4 ./Drivers/STM32L0xx_HAL_Driver/Src/stm32l0xx_hal.o
                0x0000000020000048                uwTickPrio
 .data.uwTickFreq
                0x000000002000004c        0x1 ./Drivers/STM32L0xx_HAL_Driver/Src/stm32l0xx_hal.o
                0x000000002000004c                uwTickFreq
 *(.RamFunc)
 *(.RamFunc*)
                0x0000000020000050                . = ALIGN (0x4)
 *fill*         0x000000002000004d        0x3 
                0x0000000020000050                _edata = .

.igot.plt       0x0000000020000050        0x0 load address 0x00000000080047ec
 .igot.plt      0x0000000020000050        0x0 d:/stm/stm32cubeide/plugins/com.st.stm32cube.ide.mcu.externaltools.gnu-tools-for-stm32.10.3-2021.10.win32_1.0.100.202210260954/tools/bin/../lib/gcc/arm-none-eabi/10.3.1/thumb/v6-m/nofp/crtbegin.o
                0x0000000020000050                . = ALIGN (0x4)

.bss            0x0000000020000050      0x178 load address 0x00000000080047ec
                0x0000000020000050                _sbss = .
                0x0000000020000050                __bss_start__ = _sbss
 *(.bss)
 .bss           0x0000000020000050       0x1c d:/stm/stm32cubeide/plugins/com.st.stm32cube.ide.mcu.externaltools.gnu-tools-for-stm32.10.3-2021.10.win32_1.0.100.202210260954/tools/bin/../lib/gcc/arm-none-eabi/10.3.1/thumb/v6-m/nofp/crtbegin.o
 *(.bss*)
 .bss.spi_cmd   0x000000002000006c        0x1 ./Core/Src/User/driver_lis3mdl.o
 .bss.sensor_id
                0x000000002000006d        0x1 ./Core/Src/User/driver_lis3mdl.o
 .bss.lsb_index
                0x000000002000006e        0x1 ./Core/Src/User/driver_lis3mdl.o
 *fill*         0x000000002000006f        0x1 
 .bss.reg_buffer
                0x0000000020000070        0x2 ./Core/Src/User/driver_lis3mdl.o
 .bss.output_data
                0x0000000020000072        0x2 ./Core/Src/User/driver_lis3mdl.o
 .bss.recieve_flag
                0x0000000020000074        0x1 ./Core/Src/User/driver_lis3mdl.o
 .bss.transmit_flag
                0x0000000020000075        0x1 ./Core/Src/User/driver_lis3mdl.o
 .bss.driver_state
                0x0000000020000076        0x1 ./Core/Src/User/driver_lis3mdl.o
 *fill*         0x0000000020000077        0x1 
 .bss.local_sensor_data
                0x0000000020000078       0x10 ./Core/Src/User/driver_lis3mdl.o
                0x0000000020000078                local_sensor_data
 .bss.status    0x0000000020000088        0x1 ./Core/Src/User/driver_lis3mdl.o
                0x0000000020000088                status
 *fill*         0x0000000020000089        0x3 
 .bss.hspi2     0x000000002000008c       0x58 ./Core/Src/main.o
                0x000000002000008c                hspi2
 .bss.hdma_spi2_rx
                0x00000000200000e4       0x48 ./Core/Src/main.o
                0x00000000200000e4                hdma_spi2_rx
 .bss.hdma_spi2_tx
                0x000000002000012c       0x48 ./Core/Src/main.o
                0x000000002000012c                hdma_spi2_tx
 .bss.htim6     0x0000000020000174       0x40 ./Core/Src/main.o
                0x0000000020000174                htim6
 .bss.mag_sensor_data
                0x00000000200001b4       0x10 ./Core/Src/main.o
                0x00000000200001b4                mag_sensor_data
 .bss.uwTick    0x00000000200001c4        0x4 ./Drivers/STM32L0xx_HAL_Driver/Src/stm32l0xx_hal.o
                0x00000000200001c4                uwTick
 *(COMMON)
                0x00000000200001c8                . = ALIGN (0x4)
                0x00000000200001c8                _ebss = .
                0x00000000200001c8                __bss_end__ = _ebss

._user_heap_stack
                0x00000000200001c8      0x600 load address 0x00000000080047ec
                0x00000000200001c8                . = ALIGN (0x8)
                [!provide]                        PROVIDE (end = .)
                0x00000000200001c8                PROVIDE (_end = .)
                0x00000000200003c8                . = (. + _Min_Heap_Size)
 *fill*         0x00000000200001c8      0x200 
                0x00000000200007c8                . = (. + _Min_Stack_Size)
 *fill*         0x00000000200003c8      0x400 
                0x00000000200007c8                . = ALIGN (0x8)

/DISCARD/
 libc.a(*)
 libm.a(*)
 libgcc.a(*)

.ARM.attributes
                0x0000000000000000       0x28
 *(.ARM.attributes)
 .ARM.attributes
                0x0000000000000000       0x1e d:/stm/stm32cubeide/plugins/com.st.stm32cube.ide.mcu.externaltools.gnu-tools-for-stm32.10.3-2021.10.win32_1.0.100.202210260954/tools/bin/../lib/gcc/arm-none-eabi/10.3.1/thumb/v6-m/nofp/crti.o
 .ARM.attributes
                0x000000000000001e       0x2c d:/stm/stm32cubeide/plugins/com.st.stm32cube.ide.mcu.externaltools.gnu-tools-for-stm32.10.3-2021.10.win32_1.0.100.202210260954/tools/bin/../lib/gcc/arm-none-eabi/10.3.1/thumb/v6-m/nofp/crtbegin.o
 .ARM.attributes
                0x000000000000004a       0x2c ./Core/Src/User/driver_lis3mdl.o
 .ARM.attributes
                0x0000000000000076       0x2c ./Core/Src/main.o
 .ARM.attributes
                0x00000000000000a2       0x2c ./Core/Src/stm32l0xx_hal_msp.o
 .ARM.attributes
                0x00000000000000ce       0x2c ./Core/Src/stm32l0xx_it.o
 .ARM.attributes
                0x00000000000000fa       0x2c ./Core/Src/system_stm32l0xx.o
 .ARM.attributes
                0x0000000000000126       0x22 ./Core/Startup/startup_stm32l053c8tx.o
 .ARM.attributes
                0x0000000000000148       0x2c ./Drivers/STM32L0xx_HAL_Driver/Src/stm32l0xx_hal.o
 .ARM.attributes
                0x0000000000000174       0x2c ./Drivers/STM32L0xx_HAL_Driver/Src/stm32l0xx_hal_cortex.o
 .ARM.attributes
                0x00000000000001a0       0x2c ./Drivers/STM32L0xx_HAL_Driver/Src/stm32l0xx_hal_dma.o
 .ARM.attributes
                0x00000000000001cc       0x2c ./Drivers/STM32L0xx_HAL_Driver/Src/stm32l0xx_hal_gpio.o
 .ARM.attributes
                0x00000000000001f8       0x2c ./Drivers/STM32L0xx_HAL_Driver/Src/stm32l0xx_hal_pwr.o
 .ARM.attributes
                0x0000000000000224       0x2c ./Drivers/STM32L0xx_HAL_Driver/Src/stm32l0xx_hal_rcc.o
 .ARM.attributes
                0x0000000000000250       0x2c ./Drivers/STM32L0xx_HAL_Driver/Src/stm32l0xx_hal_spi.o
 .ARM.attributes
                0x000000000000027c       0x2c ./Drivers/STM32L0xx_HAL_Driver/Src/stm32l0xx_hal_tim.o
 .ARM.attributes
                0x00000000000002a8       0x2c ./Drivers/STM32L0xx_HAL_Driver/Src/stm32l0xx_hal_tim_ex.o
 .ARM.attributes
                0x00000000000002d4       0x2c d:/stm/stm32cubeide/plugins/com.st.stm32cube.ide.mcu.externaltools.gnu-tools-for-stm32.10.3-2021.10.win32_1.0.100.202210260954/tools/bin/../lib/gcc/arm-none-eabi/10.3.1/../../../../arm-none-eabi/lib/thumb/v6-m/nofp\libc_nano.a(lib_a-init.o)
 .ARM.attributes
                0x0000000000000300       0x2c d:/stm/stm32cubeide/plugins/com.st.stm32cube.ide.mcu.externaltools.gnu-tools-for-stm32.10.3-2021.10.win32_1.0.100.202210260954/tools/bin/../lib/gcc/arm-none-eabi/10.3.1/../../../../arm-none-eabi/lib/thumb/v6-m/nofp\libc_nano.a(lib_a-memset.o)
 .ARM.attributes
                0x000000000000032c       0x1e d:/stm/stm32cubeide/plugins/com.st.stm32cube.ide.mcu.externaltools.gnu-tools-for-stm32.10.3-2021.10.win32_1.0.100.202210260954/tools/bin/../lib/gcc/arm-none-eabi/10.3.1/thumb/v6-m/nofp\libgcc.a(_udivsi3.o)
 .ARM.attributes
                0x000000000000034a       0x1e d:/stm/stm32cubeide/plugins/com.st.stm32cube.ide.mcu.externaltools.gnu-tools-for-stm32.10.3-2021.10.win32_1.0.100.202210260954/tools/bin/../lib/gcc/arm-none-eabi/10.3.1/thumb/v6-m/nofp\libgcc.a(_divsi3.o)
 .ARM.attributes
                0x0000000000000368       0x1e d:/stm/stm32cubeide/plugins/com.st.stm32cube.ide.mcu.externaltools.gnu-tools-for-stm32.10.3-2021.10.win32_1.0.100.202210260954/tools/bin/../lib/gcc/arm-none-eabi/10.3.1/thumb/v6-m/nofp\libgcc.a(_dvmd_tls.o)
 .ARM.attributes
                0x0000000000000386       0x1e d:/stm/stm32cubeide/plugins/com.st.stm32cube.ide.mcu.externaltools.gnu-tools-for-stm32.10.3-2021.10.win32_1.0.100.202210260954/tools/bin/../lib/gcc/arm-none-eabi/10.3.1/thumb/v6-m/nofp\libgcc.a(_arm_cmpsf2.o)
 .ARM.attributes
                0x00000000000003a4       0x1e d:/stm/stm32cubeide/plugins/com.st.stm32cube.ide.mcu.externaltools.gnu-tools-for-stm32.10.3-2021.10.win32_1.0.100.202210260954/tools/bin/../lib/gcc/arm-none-eabi/10.3.1/thumb/v6-m/nofp\libgcc.a(_aeabi_uldivmod.o)
 .ARM.attributes
                0x00000000000003c2       0x2c d:/stm/stm32cubeide/plugins/com.st.stm32cube.ide.mcu.externaltools.gnu-tools-for-stm32.10.3-2021.10.win32_1.0.100.202210260954/tools/bin/../lib/gcc/arm-none-eabi/10.3.1/thumb/v6-m/nofp\libgcc.a(_muldi3.o)
 .ARM.attributes
                0x00000000000003ee       0x2c d:/stm/stm32cubeide/plugins/com.st.stm32cube.ide.mcu.externaltools.gnu-tools-for-stm32.10.3-2021.10.win32_1.0.100.202210260954/tools/bin/../lib/gcc/arm-none-eabi/10.3.1/thumb/v6-m/nofp\libgcc.a(_udivmoddi4.o)
 .ARM.attributes
                0x000000000000041a       0x2c d:/stm/stm32cubeide/plugins/com.st.stm32cube.ide.mcu.externaltools.gnu-tools-for-stm32.10.3-2021.10.win32_1.0.100.202210260954/tools/bin/../lib/gcc/arm-none-eabi/10.3.1/thumb/v6-m/nofp\libgcc.a(eqsf2.o)
 .ARM.attributes
                0x0000000000000446       0x2c d:/stm/stm32cubeide/plugins/com.st.stm32cube.ide.mcu.externaltools.gnu-tools-for-stm32.10.3-2021.10.win32_1.0.100.202210260954/tools/bin/../lib/gcc/arm-none-eabi/10.3.1/thumb/v6-m/nofp\libgcc.a(gesf2.o)
 .ARM.attributes
                0x0000000000000472       0x2c d:/stm/stm32cubeide/plugins/com.st.stm32cube.ide.mcu.externaltools.gnu-tools-for-stm32.10.3-2021.10.win32_1.0.100.202210260954/tools/bin/../lib/gcc/arm-none-eabi/10.3.1/thumb/v6-m/nofp\libgcc.a(lesf2.o)
 .ARM.attributes
                0x000000000000049e       0x2c d:/stm/stm32cubeide/plugins/com.st.stm32cube.ide.mcu.externaltools.gnu-tools-for-stm32.10.3-2021.10.win32_1.0.100.202210260954/tools/bin/../lib/gcc/arm-none-eabi/10.3.1/thumb/v6-m/nofp\libgcc.a(fixsfsi.o)
 .ARM.attributes
                0x00000000000004ca       0x2c d:/stm/stm32cubeide/plugins/com.st.stm32cube.ide.mcu.externaltools.gnu-tools-for-stm32.10.3-2021.10.win32_1.0.100.202210260954/tools/bin/../lib/gcc/arm-none-eabi/10.3.1/thumb/v6-m/nofp\libgcc.a(floatsisf.o)
 .ARM.attributes
                0x00000000000004f6       0x1e d:/stm/stm32cubeide/plugins/com.st.stm32cube.ide.mcu.externaltools.gnu-tools-for-stm32.10.3-2021.10.win32_1.0.100.202210260954/tools/bin/../lib/gcc/arm-none-eabi/10.3.1/thumb/v6-m/nofp\libgcc.a(_clzsi2.o)
 .ARM.attributes
                0x0000000000000514       0x1e d:/stm/stm32cubeide/plugins/com.st.stm32cube.ide.mcu.externaltools.gnu-tools-for-stm32.10.3-2021.10.win32_1.0.100.202210260954/tools/bin/../lib/gcc/arm-none-eabi/10.3.1/thumb/v6-m/nofp\libgcc.a(_clzdi2.o)
 .ARM.attributes
                0x0000000000000532       0x1e d:/stm/stm32cubeide/plugins/com.st.stm32cube.ide.mcu.externaltools.gnu-tools-for-stm32.10.3-2021.10.win32_1.0.100.202210260954/tools/bin/../lib/gcc/arm-none-eabi/10.3.1/thumb/v6-m/nofp/crtn.o
OUTPUT(STM32_L053C8_MCU_TEST_LIS3MDL_IT.elf elf32-littlearm)
LOAD linker stubs
LOAD d:/stm/stm32cubeide/plugins/com.st.stm32cube.ide.mcu.externaltools.gnu-tools-for-stm32.10.3-2021.10.win32_1.0.100.202210260954/tools/bin/../lib/gcc/arm-none-eabi/10.3.1/../../../../arm-none-eabi/lib/thumb/v6-m/nofp\libc.a
LOAD d:/stm/stm32cubeide/plugins/com.st.stm32cube.ide.mcu.externaltools.gnu-tools-for-stm32.10.3-2021.10.win32_1.0.100.202210260954/tools/bin/../lib/gcc/arm-none-eabi/10.3.1/../../../../arm-none-eabi/lib/thumb/v6-m/nofp\libm.a
LOAD d:/stm/stm32cubeide/plugins/com.st.stm32cube.ide.mcu.externaltools.gnu-tools-for-stm32.10.3-2021.10.win32_1.0.100.202210260954/tools/bin/../lib/gcc/arm-none-eabi/10.3.1/thumb/v6-m/nofp\libgcc.a

.debug_info     0x0000000000000000     0xb37a
 .debug_info    0x0000000000000000      0xf4c ./Core/Src/User/driver_lis3mdl.o
 .debug_info    0x0000000000000f4c     0x1156 ./Core/Src/main.o
 .debug_info    0x00000000000020a2      0xe13 ./Core/Src/stm32l0xx_hal_msp.o
 .debug_info    0x0000000000002eb5      0x9bc ./Core/Src/stm32l0xx_it.o
 .debug_info    0x0000000000003871      0x309 ./Core/Src/system_stm32l0xx.o
 .debug_info    0x0000000000003b7a       0x22 ./Core/Startup/startup_stm32l053c8tx.o
 .debug_info    0x0000000000003b9c      0x8a4 ./Drivers/STM32L0xx_HAL_Driver/Src/stm32l0xx_hal.o
 .debug_info    0x0000000000004440      0x8c9 ./Drivers/STM32L0xx_HAL_Driver/Src/stm32l0xx_hal_cortex.o
 .debug_info    0x0000000000004d09      0x75b ./Drivers/STM32L0xx_HAL_Driver/Src/stm32l0xx_hal_dma.o
 .debug_info    0x0000000000005464      0x6a4 ./Drivers/STM32L0xx_HAL_Driver/Src/stm32l0xx_hal_gpio.o
 .debug_info    0x0000000000005b08      0x630 ./Drivers/STM32L0xx_HAL_Driver/Src/stm32l0xx_hal_pwr.o
 .debug_info    0x0000000000006138      0xa4f ./Drivers/STM32L0xx_HAL_Driver/Src/stm32l0xx_hal_rcc.o
 .debug_info    0x0000000000006b87     0x1714 ./Drivers/STM32L0xx_HAL_Driver/Src/stm32l0xx_hal_spi.o
 .debug_info    0x000000000000829b     0x29ed ./Drivers/STM32L0xx_HAL_Driver/Src/stm32l0xx_hal_tim.o
 .debug_info    0x000000000000ac88      0x6f2 ./Drivers/STM32L0xx_HAL_Driver/Src/stm32l0xx_hal_tim_ex.o

.debug_abbrev   0x0000000000000000     0x1d03
 .debug_abbrev  0x0000000000000000      0x291 ./Core/Src/User/driver_lis3mdl.o
 .debug_abbrev  0x0000000000000291      0x291 ./Core/Src/main.o
 .debug_abbrev  0x0000000000000522      0x20a ./Core/Src/stm32l0xx_hal_msp.o
 .debug_abbrev  0x000000000000072c      0x195 ./Core/Src/stm32l0xx_it.o
 .debug_abbrev  0x00000000000008c1      0x116 ./Core/Src/system_stm32l0xx.o
 .debug_abbrev  0x00000000000009d7       0x12 ./Core/Startup/startup_stm32l053c8tx.o
 .debug_abbrev  0x00000000000009e9      0x29a ./Drivers/STM32L0xx_HAL_Driver/Src/stm32l0xx_hal.o
 .debug_abbrev  0x0000000000000c83      0x28e ./Drivers/STM32L0xx_HAL_Driver/Src/stm32l0xx_hal_cortex.o
 .debug_abbrev  0x0000000000000f11      0x1c6 ./Drivers/STM32L0xx_HAL_Driver/Src/stm32l0xx_hal_dma.o
 .debug_abbrev  0x00000000000010d7      0x1bb ./Drivers/STM32L0xx_HAL_Driver/Src/stm32l0xx_hal_gpio.o
 .debug_abbrev  0x0000000000001292      0x187 ./Drivers/STM32L0xx_HAL_Driver/Src/stm32l0xx_hal_pwr.o
 .debug_abbrev  0x0000000000001419      0x28e ./Drivers/STM32L0xx_HAL_Driver/Src/stm32l0xx_hal_rcc.o
 .debug_abbrev  0x00000000000016a7      0x26e ./Drivers/STM32L0xx_HAL_Driver/Src/stm32l0xx_hal_spi.o
 .debug_abbrev  0x0000000000001915      0x259 ./Drivers/STM32L0xx_HAL_Driver/Src/stm32l0xx_hal_tim.o
 .debug_abbrev  0x0000000000001b6e      0x195 ./Drivers/STM32L0xx_HAL_Driver/Src/stm32l0xx_hal_tim_ex.o

.debug_aranges  0x0000000000000000      0xb70
 .debug_aranges
                0x0000000000000000       0x90 ./Core/Src/User/driver_lis3mdl.o
 .debug_aranges
                0x0000000000000090       0x50 ./Core/Src/main.o
 .debug_aranges
                0x00000000000000e0       0x40 ./Core/Src/stm32l0xx_hal_msp.o
 .debug_aranges
                0x0000000000000120       0x58 ./Core/Src/stm32l0xx_it.o
 .debug_aranges
                0x0000000000000178       0x28 ./Core/Src/system_stm32l0xx.o
 .debug_aranges
                0x00000000000001a0       0x28 ./Core/Startup/startup_stm32l053c8tx.o
 .debug_aranges
                0x00000000000001c8      0x110 ./Drivers/STM32L0xx_HAL_Driver/Src/stm32l0xx_hal.o
 .debug_aranges
                0x00000000000002d8       0xd8 ./Drivers/STM32L0xx_HAL_Driver/Src/stm32l0xx_hal_cortex.o
 .debug_aranges
                0x00000000000003b0       0x80 ./Drivers/STM32L0xx_HAL_Driver/Src/stm32l0xx_hal_dma.o
 .debug_aranges
                0x0000000000000430       0x58 ./Drivers/STM32L0xx_HAL_Driver/Src/stm32l0xx_hal_gpio.o
 .debug_aranges
                0x0000000000000488       0xa0 ./Drivers/STM32L0xx_HAL_Driver/Src/stm32l0xx_hal_pwr.o
 .debug_aranges
                0x0000000000000528       0x80 ./Drivers/STM32L0xx_HAL_Driver/Src/stm32l0xx_hal_rcc.o
 .debug_aranges
                0x00000000000005a8      0x1d0 ./Drivers/STM32L0xx_HAL_Driver/Src/stm32l0xx_hal_spi.o
 .debug_aranges
                0x0000000000000778      0x3d0 ./Drivers/STM32L0xx_HAL_Driver/Src/stm32l0xx_hal_tim.o
 .debug_aranges
                0x0000000000000b48       0x28 ./Drivers/STM32L0xx_HAL_Driver/Src/stm32l0xx_hal_tim_ex.o

.debug_ranges   0x0000000000000000      0xa88
 .debug_ranges  0x0000000000000000       0x80 ./Core/Src/User/driver_lis3mdl.o
 .debug_ranges  0x0000000000000080       0x40 ./Core/Src/main.o
 .debug_ranges  0x00000000000000c0       0x30 ./Core/Src/stm32l0xx_hal_msp.o
 .debug_ranges  0x00000000000000f0       0x48 ./Core/Src/stm32l0xx_it.o
 .debug_ranges  0x0000000000000138       0x18 ./Core/Src/system_stm32l0xx.o
 .debug_ranges  0x0000000000000150       0x20 ./Core/Startup/startup_stm32l053c8tx.o
 .debug_ranges  0x0000000000000170      0x100 ./Drivers/STM32L0xx_HAL_Driver/Src/stm32l0xx_hal.o
 .debug_ranges  0x0000000000000270       0xc8 ./Drivers/STM32L0xx_HAL_Driver/Src/stm32l0xx_hal_cortex.o
 .debug_ranges  0x0000000000000338       0x70 ./Drivers/STM32L0xx_HAL_Driver/Src/stm32l0xx_hal_dma.o
 .debug_ranges  0x00000000000003a8       0x48 ./Drivers/STM32L0xx_HAL_Driver/Src/stm32l0xx_hal_gpio.o
 .debug_ranges  0x00000000000003f0       0x90 ./Drivers/STM32L0xx_HAL_Driver/Src/stm32l0xx_hal_pwr.o
 .debug_ranges  0x0000000000000480       0x70 ./Drivers/STM32L0xx_HAL_Driver/Src/stm32l0xx_hal_rcc.o
 .debug_ranges  0x00000000000004f0      0x1c0 ./Drivers/STM32L0xx_HAL_Driver/Src/stm32l0xx_hal_spi.o
 .debug_ranges  0x00000000000006b0      0x3c0 ./Drivers/STM32L0xx_HAL_Driver/Src/stm32l0xx_hal_tim.o
 .debug_ranges  0x0000000000000a70       0x18 ./Drivers/STM32L0xx_HAL_Driver/Src/stm32l0xx_hal_tim_ex.o

.debug_macro    0x0000000000000000    0x13e70
 .debug_macro   0x0000000000000000      0x2d6 ./Core/Src/User/driver_lis3mdl.o
 .debug_macro   0x00000000000002d6      0xa4e ./Core/Src/User/driver_lis3mdl.o
 .debug_macro   0x0000000000000d24      0x125 ./Core/Src/User/driver_lis3mdl.o
 .debug_macro   0x0000000000000e49       0x2e ./Core/Src/User/driver_lis3mdl.o
 .debug_macro   0x0000000000000e77       0x28 ./Core/Src/User/driver_lis3mdl.o
 .debug_macro   0x0000000000000e9f       0x22 ./Core/Src/User/driver_lis3mdl.o
 .debug_macro   0x0000000000000ec1       0x8e ./Core/Src/User/driver_lis3mdl.o
 .debug_macro   0x0000000000000f4f       0x51 ./Core/Src/User/driver_lis3mdl.o
 .debug_macro   0x0000000000000fa0      0x103 ./Core/Src/User/driver_lis3mdl.o
 .debug_macro   0x00000000000010a3       0x6a ./Core/Src/User/driver_lis3mdl.o
 .debug_macro   0x000000000000110d      0x1df ./Core/Src/User/driver_lis3mdl.o
 .debug_macro   0x00000000000012ec       0x1c ./Core/Src/User/driver_lis3mdl.o
 .debug_macro   0x0000000000001308       0x22 ./Core/Src/User/driver_lis3mdl.o
 .debug_macro   0x000000000000132a       0xaf ./Core/Src/User/driver_lis3mdl.o
 .debug_macro   0x00000000000013d9      0x4da ./Core/Src/User/driver_lis3mdl.o
 .debug_macro   0x00000000000018b3      0x11f ./Core/Src/User/driver_lis3mdl.o
 .debug_macro   0x00000000000019d2     0x9d1b ./Core/Src/User/driver_lis3mdl.o
 .debug_macro   0x000000000000b6ed       0x66 ./Core/Src/User/driver_lis3mdl.o
 .debug_macro   0x000000000000b753     0x355c ./Core/Src/User/driver_lis3mdl.o
 .debug_macro   0x000000000000ecaf      0x174 ./Core/Src/User/driver_lis3mdl.o
 .debug_macro   0x000000000000ee23       0x5b ./Core/Src/User/driver_lis3mdl.o
 .debug_macro   0x000000000000ee7e      0x8e4 ./Core/Src/User/driver_lis3mdl.o
 .debug_macro   0x000000000000f762      0x9d2 ./Core/Src/User/driver_lis3mdl.o
 .debug_macro   0x0000000000010134      0x190 ./Core/Src/User/driver_lis3mdl.o
 .debug_macro   0x00000000000102c4      0x13f ./Core/Src/User/driver_lis3mdl.o
 .debug_macro   0x0000000000010403      0x17d ./Core/Src/User/driver_lis3mdl.o
 .debug_macro   0x0000000000010580       0x82 ./Core/Src/User/driver_lis3mdl.o
 .debug_macro   0x0000000000010602      0x28e ./Core/Src/User/driver_lis3mdl.o
 .debug_macro   0x0000000000010890      0x1e9 ./Core/Src/User/driver_lis3mdl.o
 .debug_macro   0x0000000000010a79      0x129 ./Core/Src/User/driver_lis3mdl.o
 .debug_macro   0x0000000000010ba2      0x2b4 ./Core/Src/User/driver_lis3mdl.o
 .debug_macro   0x0000000000010e56      0x22c ./Core/Src/User/driver_lis3mdl.o
 .debug_macro   0x0000000000011082       0x5b ./Core/Src/User/driver_lis3mdl.o
 .debug_macro   0x00000000000110dd       0xa5 ./Core/Src/User/driver_lis3mdl.o
 .debug_macro   0x0000000000011182      0x187 ./Core/Src/User/driver_lis3mdl.o
 .debug_macro   0x0000000000011309       0x16 ./Core/Src/User/driver_lis3mdl.o
 .debug_macro   0x000000000001131f      0x22c ./Core/Src/User/driver_lis3mdl.o
 .debug_macro   0x000000000001154b      0x773 ./Core/Src/User/driver_lis3mdl.o
 .debug_macro   0x0000000000011cbe       0xcc ./Core/Src/User/driver_lis3mdl.o
 .debug_macro   0x0000000000011d8a      0x16c ./Core/Src/User/driver_lis3mdl.o
 .debug_macro   0x0000000000011ef6       0x40 ./Core/Src/User/driver_lis3mdl.o
 .debug_macro   0x0000000000011f36       0x22 ./Core/Src/User/driver_lis3mdl.o
 .debug_macro   0x0000000000011f58       0x18 ./Core/Src/User/driver_lis3mdl.o
 .debug_macro   0x0000000000011f70       0x52 ./Core/Src/User/driver_lis3mdl.o
 .debug_macro   0x0000000000011fc2       0x3c ./Core/Src/User/driver_lis3mdl.o
 .debug_macro   0x0000000000011ffe       0x34 ./Core/Src/User/driver_lis3mdl.o
 .debug_macro   0x0000000000012032       0x16 ./Core/Src/User/driver_lis3mdl.o
 .debug_macro   0x0000000000012048       0x35 ./Core/Src/User/driver_lis3mdl.o
 .debug_macro   0x000000000001207d       0x16 ./Core/Src/User/driver_lis3mdl.o
 .debug_macro   0x0000000000012093       0x43 ./Core/Src/User/driver_lis3mdl.o
 .debug_macro   0x00000000000120d6       0x34 ./Core/Src/User/driver_lis3mdl.o
 .debug_macro   0x000000000001210a       0x10 ./Core/Src/User/driver_lis3mdl.o
 .debug_macro   0x000000000001211a       0x58 ./Core/Src/User/driver_lis3mdl.o
 .debug_macro   0x0000000000012172       0x71 ./Core/Src/User/driver_lis3mdl.o
 .debug_macro   0x00000000000121e3       0x1c ./Core/Src/User/driver_lis3mdl.o
 .debug_macro   0x00000000000121ff      0x12a ./Core/Src/User/driver_lis3mdl.o
 .debug_macro   0x0000000000012329      0x341 ./Core/Src/User/driver_lis3mdl.o
 .debug_macro   0x000000000001266a       0x16 ./Core/Src/User/driver_lis3mdl.o
 .debug_macro   0x0000000000012680       0x29 ./Core/Src/User/driver_lis3mdl.o
 .debug_macro   0x00000000000126a9      0x1e6 ./Core/Src/main.o
 .debug_macro   0x000000000001288f      0x1d3 ./Core/Src/stm32l0xx_hal_msp.o
 .debug_macro   0x0000000000012a62      0x1dd ./Core/Src/stm32l0xx_it.o
 .debug_macro   0x0000000000012c3f      0x1c4 ./Core/Src/system_stm32l0xx.o
 .debug_macro   0x0000000000012e03      0x1e8 ./Drivers/STM32L0xx_HAL_Driver/Src/stm32l0xx_hal.o
 .debug_macro   0x0000000000012feb      0x1c4 ./Drivers/STM32L0xx_HAL_Driver/Src/stm32l0xx_hal_cortex.o
 .debug_macro   0x00000000000131af      0x1c4 ./Drivers/STM32L0xx_HAL_Driver/Src/stm32l0xx_hal_dma.o
 .debug_macro   0x0000000000013373      0x1cb ./Drivers/STM32L0xx_HAL_Driver/Src/stm32l0xx_hal_gpio.o
 .debug_macro   0x000000000001353e      0x1dc ./Drivers/STM32L0xx_HAL_Driver/Src/stm32l0xx_hal_pwr.o
 .debug_macro   0x000000000001371a      0x1fa ./Drivers/STM32L0xx_HAL_Driver/Src/stm32l0xx_hal_rcc.o
 .debug_macro   0x0000000000013914      0x1d3 ./Drivers/STM32L0xx_HAL_Driver/Src/stm32l0xx_hal_spi.o
 .debug_macro   0x0000000000013ae7      0x1c5 ./Drivers/STM32L0xx_HAL_Driver/Src/stm32l0xx_hal_tim.o
 .debug_macro   0x0000000000013cac      0x1c4 ./Drivers/STM32L0xx_HAL_Driver/Src/stm32l0xx_hal_tim_ex.o

.debug_line     0x0000000000000000     0xbe7c
 .debug_line    0x0000000000000000      0xbc4 ./Core/Src/User/driver_lis3mdl.o
 .debug_line    0x0000000000000bc4      0x824 ./Core/Src/main.o
 .debug_line    0x00000000000013e8      0x776 ./Core/Src/stm32l0xx_hal_msp.o
 .debug_line    0x0000000000001b5e      0x73f ./Core/Src/stm32l0xx_it.o
 .debug_line    0x000000000000229d      0x742 ./Core/Src/system_stm32l0xx.o
 .debug_line    0x00000000000029df       0x89 ./Core/Startup/startup_stm32l053c8tx.o
 .debug_line    0x0000000000002a68      0x9e5 ./Drivers/STM32L0xx_HAL_Driver/Src/stm32l0xx_hal.o
 .debug_line    0x000000000000344d      0xab3 ./Drivers/STM32L0xx_HAL_Driver/Src/stm32l0xx_hal_cortex.o
 .debug_line    0x0000000000003f00      0xbd4 ./Drivers/STM32L0xx_HAL_Driver/Src/stm32l0xx_hal_dma.o
 .debug_line    0x0000000000004ad4      0xa75 ./Drivers/STM32L0xx_HAL_Driver/Src/stm32l0xx_hal_gpio.o
 .debug_line    0x0000000000005549      0x8d4 ./Drivers/STM32L0xx_HAL_Driver/Src/stm32l0xx_hal_pwr.o
 .debug_line    0x0000000000005e1d      0xe69 ./Drivers/STM32L0xx_HAL_Driver/Src/stm32l0xx_hal_rcc.o
 .debug_line    0x0000000000006c86     0x1c0e ./Drivers/STM32L0xx_HAL_Driver/Src/stm32l0xx_hal_spi.o
 .debug_line    0x0000000000008894     0x2e89 ./Drivers/STM32L0xx_HAL_Driver/Src/stm32l0xx_hal_tim.o
 .debug_line    0x000000000000b71d      0x75f ./Drivers/STM32L0xx_HAL_Driver/Src/stm32l0xx_hal_tim_ex.o

.debug_str      0x0000000000000000    0x7b8b6
 .debug_str     0x0000000000000000    0x78c37 ./Core/Src/User/driver_lis3mdl.o
                                      0x78fb1 (size before relaxing)
 .debug_str     0x0000000000078c37      0x782 ./Core/Src/main.o
                                      0x75e86 (size before relaxing)
 .debug_str     0x00000000000793b9      0x131 ./Core/Src/stm32l0xx_hal_msp.o
                                      0x75bbd (size before relaxing)
 .debug_str     0x00000000000794ea       0xcb ./Core/Src/stm32l0xx_it.o
                                      0x75893 (size before relaxing)
 .debug_str     0x00000000000795b5       0x99 ./Core/Src/system_stm32l0xx.o
                                      0x7512b (size before relaxing)
 .debug_str     0x000000000007964e       0x36 ./Core/Startup/startup_stm32l053c8tx.o
                                         0x6e (size before relaxing)
 .debug_str     0x0000000000079684      0x474 ./Drivers/STM32L0xx_HAL_Driver/Src/stm32l0xx_hal.o
                                      0x75820 (size before relaxing)
 .debug_str     0x0000000000079af8      0x295 ./Drivers/STM32L0xx_HAL_Driver/Src/stm32l0xx_hal_cortex.o
                                      0x75584 (size before relaxing)
 .debug_str     0x0000000000079d8d      0x23d ./Drivers/STM32L0xx_HAL_Driver/Src/stm32l0xx_hal_dma.o
                                      0x7549f (size before relaxing)
 .debug_str     0x0000000000079fca       0xf9 ./Drivers/STM32L0xx_HAL_Driver/Src/stm32l0xx_hal_gpio.o
                                      0x752cb (size before relaxing)
 .debug_str     0x000000000007a0c3      0x242 ./Drivers/STM32L0xx_HAL_Driver/Src/stm32l0xx_hal_pwr.o
                                      0x753b6 (size before relaxing)
 .debug_str     0x000000000007a305      0x2b7 ./Drivers/STM32L0xx_HAL_Driver/Src/stm32l0xx_hal_rcc.o
                                      0x75668 (size before relaxing)
 .debug_str     0x000000000007a5bc      0x4e4 ./Drivers/STM32L0xx_HAL_Driver/Src/stm32l0xx_hal_spi.o
                                      0x75a28 (size before relaxing)
 .debug_str     0x000000000007aaa0      0xdbf ./Drivers/STM32L0xx_HAL_Driver/Src/stm32l0xx_hal_tim.o
                                      0x763f3 (size before relaxing)
 .debug_str     0x000000000007b85f       0x57 ./Drivers/STM32L0xx_HAL_Driver/Src/stm32l0xx_hal_tim_ex.o
                                      0x755a8 (size before relaxing)

.comment        0x0000000000000000       0x50
 .comment       0x0000000000000000       0x50 ./Core/Src/User/driver_lis3mdl.o
                                         0x51 (size before relaxing)
 .comment       0x0000000000000050       0x51 ./Core/Src/main.o
 .comment       0x0000000000000050       0x51 ./Core/Src/stm32l0xx_hal_msp.o
 .comment       0x0000000000000050       0x51 ./Core/Src/stm32l0xx_it.o
 .comment       0x0000000000000050       0x51 ./Core/Src/system_stm32l0xx.o
 .comment       0x0000000000000050       0x51 ./Drivers/STM32L0xx_HAL_Driver/Src/stm32l0xx_hal.o
 .comment       0x0000000000000050       0x51 ./Drivers/STM32L0xx_HAL_Driver/Src/stm32l0xx_hal_cortex.o
 .comment       0x0000000000000050       0x51 ./Drivers/STM32L0xx_HAL_Driver/Src/stm32l0xx_hal_dma.o
 .comment       0x0000000000000050       0x51 ./Drivers/STM32L0xx_HAL_Driver/Src/stm32l0xx_hal_gpio.o
 .comment       0x0000000000000050       0x51 ./Drivers/STM32L0xx_HAL_Driver/Src/stm32l0xx_hal_pwr.o
 .comment       0x0000000000000050       0x51 ./Drivers/STM32L0xx_HAL_Driver/Src/stm32l0xx_hal_rcc.o
 .comment       0x0000000000000050       0x51 ./Drivers/STM32L0xx_HAL_Driver/Src/stm32l0xx_hal_spi.o
 .comment       0x0000000000000050       0x51 ./Drivers/STM32L0xx_HAL_Driver/Src/stm32l0xx_hal_tim.o
 .comment       0x0000000000000050       0x51 ./Drivers/STM32L0xx_HAL_Driver/Src/stm32l0xx_hal_tim_ex.o

.debug_frame    0x0000000000000000     0x29c4
 .debug_frame   0x0000000000000000      0x1f0 ./Core/Src/User/driver_lis3mdl.o
 .debug_frame   0x00000000000001f0       0xe8 ./Core/Src/main.o
 .debug_frame   0x00000000000002d8       0xb0 ./Core/Src/stm32l0xx_hal_msp.o
 .debug_frame   0x0000000000000388       0xf0 ./Core/Src/stm32l0xx_it.o
 .debug_frame   0x0000000000000478       0x4c ./Core/Src/system_stm32l0xx.o
 .debug_frame   0x00000000000004c4      0x394 ./Drivers/STM32L0xx_HAL_Driver/Src/stm32l0xx_hal.o
 .debug_frame   0x0000000000000858      0x2fc ./Drivers/STM32L0xx_HAL_Driver/Src/stm32l0xx_hal_cortex.o
 .debug_frame   0x0000000000000b54      0x1b0 ./Drivers/STM32L0xx_HAL_Driver/Src/stm32l0xx_hal_dma.o
 .debug_frame   0x0000000000000d04      0x110 ./Drivers/STM32L0xx_HAL_Driver/Src/stm32l0xx_hal_gpio.o
 .debug_frame   0x0000000000000e14      0x200 ./Drivers/STM32L0xx_HAL_Driver/Src/stm32l0xx_hal_pwr.o
 .debug_frame   0x0000000000001014      0x1a8 ./Drivers/STM32L0xx_HAL_Driver/Src/stm32l0xx_hal_rcc.o
 .debug_frame   0x00000000000011bc      0x6f0 ./Drivers/STM32L0xx_HAL_Driver/Src/stm32l0xx_hal_spi.o
 .debug_frame   0x00000000000018ac      0xef8 ./Drivers/STM32L0xx_HAL_Driver/Src/stm32l0xx_hal_tim.o
 .debug_frame   0x00000000000027a4       0x50 ./Drivers/STM32L0xx_HAL_Driver/Src/stm32l0xx_hal_tim_ex.o
 .debug_frame   0x00000000000027f4       0x2c d:/stm/stm32cubeide/plugins/com.st.stm32cube.ide.mcu.externaltools.gnu-tools-for-stm32.10.3-2021.10.win32_1.0.100.202210260954/tools/bin/../lib/gcc/arm-none-eabi/10.3.1/../../../../arm-none-eabi/lib/thumb/v6-m/nofp\libc_nano.a(lib_a-init.o)
 .debug_frame   0x0000000000002820       0x20 d:/stm/stm32cubeide/plugins/com.st.stm32cube.ide.mcu.externaltools.gnu-tools-for-stm32.10.3-2021.10.win32_1.0.100.202210260954/tools/bin/../lib/gcc/arm-none-eabi/10.3.1/../../../../arm-none-eabi/lib/thumb/v6-m/nofp\libc_nano.a(lib_a-memset.o)
 .debug_frame   0x0000000000002840       0x20 d:/stm/stm32cubeide/plugins/com.st.stm32cube.ide.mcu.externaltools.gnu-tools-for-stm32.10.3-2021.10.win32_1.0.100.202210260954/tools/bin/../lib/gcc/arm-none-eabi/10.3.1/thumb/v6-m/nofp\libgcc.a(_udivsi3.o)
 .debug_frame   0x0000000000002860       0x20 d:/stm/stm32cubeide/plugins/com.st.stm32cube.ide.mcu.externaltools.gnu-tools-for-stm32.10.3-2021.10.win32_1.0.100.202210260954/tools/bin/../lib/gcc/arm-none-eabi/10.3.1/thumb/v6-m/nofp\libgcc.a(_divsi3.o)
 .debug_frame   0x0000000000002880       0x34 d:/stm/stm32cubeide/plugins/com.st.stm32cube.ide.mcu.externaltools.gnu-tools-for-stm32.10.3-2021.10.win32_1.0.100.202210260954/tools/bin/../lib/gcc/arm-none-eabi/10.3.1/thumb/v6-m/nofp\libgcc.a(_muldi3.o)
 .debug_frame   0x00000000000028b4       0x3c d:/stm/stm32cubeide/plugins/com.st.stm32cube.ide.mcu.externaltools.gnu-tools-for-stm32.10.3-2021.10.win32_1.0.100.202210260954/tools/bin/../lib/gcc/arm-none-eabi/10.3.1/thumb/v6-m/nofp\libgcc.a(_udivmoddi4.o)
 .debug_frame   0x00000000000028f0       0x2c d:/stm/stm32cubeide/plugins/com.st.stm32cube.ide.mcu.externaltools.gnu-tools-for-stm32.10.3-2021.10.win32_1.0.100.202210260954/tools/bin/../lib/gcc/arm-none-eabi/10.3.1/thumb/v6-m/nofp\libgcc.a(eqsf2.o)
 .debug_frame   0x000000000000291c       0x2c d:/stm/stm32cubeide/plugins/com.st.stm32cube.ide.mcu.externaltools.gnu-tools-for-stm32.10.3-2021.10.win32_1.0.100.202210260954/tools/bin/../lib/gcc/arm-none-eabi/10.3.1/thumb/v6-m/nofp\libgcc.a(gesf2.o)
 .debug_frame   0x0000000000002948       0x2c d:/stm/stm32cubeide/plugins/com.st.stm32cube.ide.mcu.externaltools.gnu-tools-for-stm32.10.3-2021.10.win32_1.0.100.202210260954/tools/bin/../lib/gcc/arm-none-eabi/10.3.1/thumb/v6-m/nofp\libgcc.a(lesf2.o)
 .debug_frame   0x0000000000002974       0x20 d:/stm/stm32cubeide/plugins/com.st.stm32cube.ide.mcu.externaltools.gnu-tools-for-stm32.10.3-2021.10.win32_1.0.100.202210260954/tools/bin/../lib/gcc/arm-none-eabi/10.3.1/thumb/v6-m/nofp\libgcc.a(fixsfsi.o)
 .debug_frame   0x0000000000002994       0x30 d:/stm/stm32cubeide/plugins/com.st.stm32cube.ide.mcu.externaltools.gnu-tools-for-stm32.10.3-2021.10.win32_1.0.100.202210260954/tools/bin/../lib/gcc/arm-none-eabi/10.3.1/thumb/v6-m/nofp\libgcc.a(floatsisf.o)
